// Jest Snapshot v1, https://goo.gl/fbAQLP

exports[`Recipe Card should render with right amount of elements 1`] = `
<div
  className="recipe-card card"
>
  <Link
    className="recipe-card__img"
    replace={false}
    to="/recipe/2"
  >
    <img
      alt="pancake"
      className="card-image"
      src="http://www.africanbites.com/wp-content/uploads/2014/05/IMG_9677-2-1-150x150.jpg"
    />
  </Link>
  <div
    className="card-content"
  >
    <Link
      replace={false}
      to="/recipe/2"
    >
      <h4
        className="recipe-card__title card-title"
      >
        Jollof Rice
      </h4>
    </Link>
    <p
      className="recipe-card__description"
    >
      It is simply better than ghanian jollof
    </p>
  </div>
  <RecipeCardInfo
    info={
      Object {
        "User": Object {
          "fullname": "example user",
          "id": 2,
          "username": null,
        },
        "downVoteCount": 1,
        "favoriteCount": 3,
        "upVoteCount": 3,
        "viewCount": 6,
      }
    }
  />
</div>
`;
