// Jest Snapshot v1, https://goo.gl/fbAQLP

exports[`Recipe Card should render with right amount of elements 1`] = `
<div
  className="recipe-card card"
>
  <Link
    className="recipe-card__img"
    replace={false}
    to="/recipe/3"
  >
    <img
      alt="pancake"
      className="card-image"
      src="https://firebasestorage.googleapis.com/v0/b/more-recipes.appspot.com/o/recipes%2F1509702436404?alt=media&token=da3a7ac8-58d3-46da-a71d-c2c1c0cbdfeb"
    />
  </Link>
  <div
    className="card-content"
  >
    <Link
      replace={false}
      to="/recipe/3"
    >
      <h4
        className="recipe-card__title card-title"
      >
        Chef John's Spaghetti with Red Clam Sauce
      </h4>
    </Link>
    <p
      className="recipe-card__description"
    >
      This is one of my 'go to' recipes and it takes only about 15 minutes from start to finish. The only prep work really is mashing the garlic. The sauce is great on any pasta, but I prefer angel hair or spaghetti.
    </p>
  </div>
  <RecipeCardInfo
    info={
      Object {
        "User": Object {
          "fullname": "John Bull",
          "id": 8,
          "username": null,
        },
        "downVoteCount": 0,
        "favoriteCount": 0,
        "upVoteCount": 1,
        "viewCount": 1,
      }
    }
  />
</div>
`;
